#-----------------------------------------------------------
# Vivado v2018.2 (64-bit)
# SW Build 2258646 on Thu Jun 14 20:03:12 MDT 2018
# IP Build 2256618 on Thu Jun 14 22:10:49 MDT 2018
# Start of session at: Sat Mar 14 20:49:05 2020
# Process ID: 8448
# Current directory: C:/EE2026_FinalProject2020S1
# Command line: vivado.exe -gui_launcher_event rodinguilauncherevent5456 C:\EE2026_FinalProject2020S1\SoundDisplay.xpr
# Log file: C:/EE2026_FinalProject2020S1/vivado.log
# Journal file: C:/EE2026_FinalProject2020S1\vivado.jou
#-----------------------------------------------------------
start_gui
open_project C:/EE2026_FinalProject2020S1/SoundDisplay.xpr
update_compile_order -fileset sources_1
close [ open C:/EE2026_FinalProject2020S1/SoundDisplay.srcs/sources_1/new/Audio_Volume_Indicator.v w ]
add_files C:/EE2026_FinalProject2020S1/SoundDisplay.srcs/sources_1/new/Audio_Volume_Indicator.v
update_compile_order -fileset sources_1
update_compile_order -fileset sources_1
reset_run synth_1
launch_runs synth_1 -jobs 2
wait_on_run synth_1
launch_runs impl_1 -jobs 2
wait_on_run impl_1
launch_runs impl_1 -to_step write_bitstream -jobs 2
wait_on_run impl_1
open_run impl_1
reset_run synth_1
launch_runs impl_1 -to_step write_bitstream -jobs 2
wait_on_run impl_1
